Microchip MPLAB XC8 Compiler V2.40

Linker command line:

-W-3 \
  --edf=C:\Program Files\Microchip\xc8\v2.40\pic\dat\20220703182018_en.msgs \
  -cn -h+dist/default/production\MiniProject.X.production.sym \
  --cmf=dist/default/production\MiniProject.X.production.cmf -z -Q18F67K40 \
  -oC:\Users\matja\AppData\Local\Temp\xcAshvo.4 --defsym=__MPLAB_BUILD=1 \
  --fixupoverflow=error \
  -Mdist/default/production/MiniProject.X.production.map \
  --md=C:\Users\matja\AppData\Local\Temp\xcAshvo.dat -E1 -ver=XC8 Compiler \
  --acfsm=1493 -ACODE=00h-01FFFFh -ACONST=00h-01FFFFh \
  -ASMALLCONST=0E00h-0EFFhx498 -AMEDIUMCONST=0E00h-0FFFFh,010E00h-01FFFFh \
  -ACOMRAM=01h-05Fh -AABS1=00h-0DE9h -ABIGRAM=01h-0DE9h \
  -ARAM=060h-0FFh,0100h-01FFhx12,0D00h-0DE9h -ABANK0=060h-0FFh \
  -ABANK1=0100h-01FFh -ABANK2=0200h-02FFh -ABANK3=0300h-03FFh \
  -ABANK4=0400h-04FFh -ABANK5=0500h-05FFh -ABANK6=0600h-06FFh \
  -ABANK7=0700h-07FFh -ABANK8=0800h-08FFh -ABANK9=0900h-09FFh \
  -ABANK10=0A00h-0AFFh -ABANK11=0B00h-0BFFh -ABANK12=0C00h-0CFFh \
  -ABANK13=0D00h-0DE9h \
  -ASFR=0DEFh-0DFFh,0E00h-0EFFh,0F00h-0F5Fh,0F60h-0FFFh \
  -ABIGSFR=0DEFh-0FFFh -ACONFIG=0300000h-030000Bh -AIDLOC=0200000h-020000Fh \
  -AEEDATA=0310000h-03103FFh -peeprom_data=EEDATA \
  -preset_vec=00h,intcode=08h,intcodelo,powerup,init -pramtop=0E00h \
  -psmallconst=SMALLCONST -pmediumconst=MEDIUMCONST -pconst=CONST \
  -AFARRAM=00h-00h \
  -prdata=COMRAM,nvrram=COMRAM,nvbit=COMRAM,rbss=COMRAM,rbit=COMRAM \
  -pfarbss=FARRAM,fardata=FARRAM,nvFARRAM=FARRAM \
  -pintsave_regs=BIGRAM,bigbss=BIGRAM,bigdata=BIGRAM -pbss=RAM \
  -pidata=CODE,irdata=CODE,ibigdata=CODE,ifardata=CODE -prparam=COMRAM \
  C:\Users\matja\AppData\Local\Temp\xcAshvo.o \
  dist/default/production\MiniProject.X.production.o 

Object code version is 3.11

Machine type is 18F67K40



                Name                               Link     Load   Length Selector   Space Scale
C:\Users\matja\AppData\Local\Temp\xcAshvo.o
                idloc                            200000   200000       10        0       5
                config                           300000   300000        C        0       4
                init                                 52       52        4        4       0
                reset_vec                             0        0        4        0       0
dist/default/production\MiniProject.X.production.o
                intcode                               8        8       4A        4       0
                idloc                            200000   200000       10        0       5
                config                           300000   300000        C        0       4
                temp                                 5E       5E        1        1       1
                smallconst                          E00      E00       28      700       0
                text27                             21BC     21BC       14      714       0
                text26                             2128     2128       24      714       0
                text25                             2104     2104       24      714       0
                text24                             218E     218E       18      714       0
                text23                             21A6     21A6       16      714       0
                text22                             1E02     1E02       9A      714       0
                text21                             1FFA     1FFA       44      714       0
                text20                             1D64     1D64       9E      714       0
                text19                             207E     207E       34      714       0
                text18                             20B2     20B2       2C      714       0
                text17                             1CA8     1CA8       BC      714       0
                text16                             214C     214C       22      714       0
                text15                             216E     216E       20      714       0
                text14                             1BE4     1BE4       C4      714       0
                text13                             19F6     19F6      124      714       0
                text12                              E28      E28      3BC      714       0
                text11                             1460     1460      188      714       0
                text10                             15E8     15E8      164      714       0
                text9                              203E     203E       40      714       0
                text8                              21D0     21D0        2      714       0
                text7                              1B1A     1B1A       CA      714       0
                text6                              1FB6     1FB6       44      714       0
                text5                              1E9C     1E9C       7A      714       0
                text4                              11E4     11E4      27C      714       0
                text3                              18A8     18A8      14E      714       0
                text2                              1F68     1F68       4E      714       0
                text1                              1F16     1F16       52      714       0
                text0                              174C     174C      15C      714       0
                cstackCOMRAM                          1        1       59        1       1
                cstackBANK0                          60       60       6E       60       1
                bssBANK0                             CE       CE       25       60       1
                bssCOMRAM                            5A       5A        4        1       1
                cinit                              20DE     20DE       26      714       0

TOTAL           Name                               Link     Load   Length     Space
        CLASS   CODE           
                intcode                               8        8       4A         0
                init                                 52       52        4         0
                reset_vec                             0        0        4         0
                text27                             21BC     21BC       14         0
                text26                             2128     2128       24         0
                text25                             2104     2104       24         0
                text24                             218E     218E       18         0
                text23                             21A6     21A6       16         0
                text22                             1E02     1E02       9A         0
                text21                             1FFA     1FFA       44         0
                text20                             1D64     1D64       9E         0
                text19                             207E     207E       34         0
                text18                             20B2     20B2       2C         0
                text17                             1CA8     1CA8       BC         0
                text16                             214C     214C       22         0
                text15                             216E     216E       20         0
                text14                             1BE4     1BE4       C4         0
                text13                             19F6     19F6      124         0
                text12                              E28      E28      3BC         0
                text11                             1460     1460      188         0
                text10                             15E8     15E8      164         0
                text9                              203E     203E       40         0
                text8                              21D0     21D0        2         0
                text7                              1B1A     1B1A       CA         0
                text6                              1FB6     1FB6       44         0
                text5                              1E9C     1E9C       7A         0
                text4                              11E4     11E4      27C         0
                text3                              18A8     18A8      14E         0
                text2                              1F68     1F68       4E         0
                text1                              1F16     1F16       52         0
                text0                              174C     174C      15C         0
                cinit                              20DE     20DE       26         0

        CLASS   CONST          

        CLASS   SMALLCONST     
                smallconst                          E00      E00       28         0

        CLASS   MEDIUMCONST    

        CLASS   COMRAM         
                temp                                 5E       5E        1         1
                cstackCOMRAM                          1        1       59         1
                bssCOMRAM                            5A       5A        4         1

        CLASS   ABS1           

        CLASS   BIGRAM         

        CLASS   RAM            

        CLASS   BANK0          
                cstackBANK0                          60       60       6E         1
                bssBANK0                             CE       CE       25         1

        CLASS   BANK1          

        CLASS   BANK2          

        CLASS   BANK3          

        CLASS   BANK4          

        CLASS   BANK5          

        CLASS   BANK6          

        CLASS   BANK7          

        CLASS   BANK8          

        CLASS   BANK9          

        CLASS   BANK10         

        CLASS   BANK11         

        CLASS   BANK12         

        CLASS   BANK13         

        CLASS   SFR            

        CLASS   BIGSFR         

        CLASS   CONFIG         
                config                           300000   300000        C         4

        CLASS   IDLOC          
                idloc                            200000   200000       10         5

        CLASS   EEDATA         

        CLASS   FARRAM         

        CLASS   HEAP           

        CLASS   STACK          



SEGMENTS        Name                           Load    Length   Top    Selector   Space  Class

                reset_vec                      000000  000004  000004         0       0  CODE    
                cstackCOMRAM                   000001  00005E  00005F         1       1  COMRAM  
                intcode                        000008  00004E  000056         4       0  CODE    
                cstackBANK0                    000060  000093  0000F3        60       1  BANK0   
                smallconst                     000E00  000028  000E28       700       0  SMALLCON
                text12                         000E28  0013AA  0021D2       714       0  CODE    


UNUSED ADDRESS RANGES

        Name                Unused          Largest block    Delta
        BANK0            0000F3-0000FF                D
        BANK1            000100-0001FF              100
        BANK10           000A00-000AFF              100
        BANK11           000B00-000BFF              100
        BANK12           000C00-000CFF              100
        BANK13           000D00-000DE9               EA
        BANK2            000200-0002FF              100
        BANK3            000300-0003FF              100
        BANK4            000400-0004FF              100
        BANK5            000500-0005FF              100
        BANK6            000600-0006FF              100
        BANK7            000700-0007FF              100
        BANK8            000800-0008FF              100
        BANK9            000900-0009FF              100
        BIGRAM           00005F-00005F                1
                         0000F3-000DE9              CF7
        BIGSFR           000DEF-000FFF              211
        CODE             000004-000007                4
                         000056-000DFF              DAA
                         0021D2-01FFFF            1DE2E
        COMRAM           00005F-00005F                1
        CONST            000004-000007                4
                         000056-000DFF              DAA
                         0021D2-01FFFF            1DE2E
        EEDATA           310000-3103FF              400
        MEDIUMCONST      0021D2-00FFFF             DE2E
                         010E00-01FFFF             F200
        RAM              0000F3-000DE9              100
        SFR              000DEF-000FFF              100
        SMALLCONST       0021D2-01FFFF              100

                                  Symbol Table

?___aodiv                      cstackCOMRAM 000001
?___aomod                      cstackCOMRAM 000001
?___awdiv                      cstackCOMRAM 000001
?_abs                          cstackCOMRAM 000013
?_sprintf                      cstackBANK0  000060
?_vfprintf                     cstackCOMRAM 000051
LCD_sendbyte@Byte              cstackCOMRAM 000005
LCD_sendbyte@type              cstackCOMRAM 000003
LCD_sendnibble@number          cstackCOMRAM 000002
LCD_sendstring@string          cstackCOMRAM 000006
LCD_setline@line               cstackCOMRAM 000006
LEDarray_disp_bin@number       cstackCOMRAM 000002
_CM1CON0bits                   (abs)        000ED0
_CM1CON1bits                   (abs)        000ED1
_CM1NCHbits                    (abs)        000ED2
_CM1PCHbits                    (abs)        000ED3
_CM2CON0bits                   (abs)        000ECC
_CM2CON1bits                   (abs)        000ECD
_CM2NCHbits                    (abs)        000ECE
_CM2PCHbits                    (abs)        000ECF
_Comp1_init                    text26       002128
_Comp2_init                    text25       002104
_DAC1CON0bits                  (abs)        000EC6
_DAC1CON1bits                  (abs)        000EC7
_DAC_init                      text27       0021BC
_HighISR                       intcode      000008
_INTCONbits                    (abs)        000FF2
_IPR0bits                      (abs)        000E1F
_IPR2bits                      (abs)        000E21
_Interrupts_init               text24       00218E
_LATAbits                      (abs)        000F79
_LATBbits                      (abs)        000F7A
_LATCbits                      (abs)        000F7B
_LATEbits                      (abs)        000F7D
_LATFbits                      (abs)        000F7E
_LATGbits                      (abs)        000F7F
_LATHbits                      (abs)        000F80
_LCD_E_TOG                     text23       0021A6
_LCD_Init                      text20       001D64
_LCD_sendbyte                  text21       001FFA
_LCD_sendnibble                text22       001E02
_LCD_sendstring                text19       00207E
_LCD_setline                   text18       0020B2
_LEDarray_disp_bin             text17       001CA8
_LEDarray_init                 text16       00214C
_PIE0bits                      (abs)        000E29
_PIE2bits                      (abs)        000E2B
_PIR0bits                      (abs)        000E33
_PIR2bits                      (abs)        000E35
_T0CON0bits                    (abs)        000FD5
_T0CON1bits                    (abs)        000FD6
_TMR0H                         (abs)        000FD4
_TMR0L                         (abs)        000FD3
_TRISAbits                     (abs)        000F81
_TRISBbits                     (abs)        000F82
_TRISCbits                     (abs)        000F83
_TRISEbits                     (abs)        000F85
_TRISFbits                     (abs)        000F86
_TRISGbits                     (abs)        000F87
_TRISHbits                     (abs)        000F88
_Timer0_init                   text15       00216E
__HRAM                         (abs)        000000
__Habs1                        abs1         000000
__Hbank0                       bank0        000000
__Hbank1                       bank1        000000
__Hbank10                      bank10       000000
__Hbank11                      bank11       000000
__Hbank12                      bank12       000000
__Hbank13                      bank13       000000
__Hbank2                       bank2        000000
__Hbank3                       bank3        000000
__Hbank4                       bank4        000000
__Hbank5                       bank5        000000
__Hbank6                       bank6        000000
__Hbank7                       bank7        000000
__Hbank8                       bank8        000000
__Hbank9                       bank9        000000
__Hbigbss                      bigbss       000000
__Hbigdata                     bigdata      000000
__Hbigram                      bigram       000000
__Hbigsfr                      bigsfr       000000
__Hbss                         bss          000000
__HbssBANK0                    bssBANK0     000000
__HbssCOMRAM                   bssCOMRAM    000000
__Hcinit                       cinit        000000
__Hclrtext                     clrtext      000000
__Hcomram                      comram       000000
__Hconfig                      config       30000C
__Hconst                       const        000000
__HcstackBANK0                 cstackBANK0  000000
__HcstackCOMRAM                cstackCOMRAM 000000
__Hdata                        data         000000
__Heeprom_data                 eeprom_data  000000
__Hfarbss                      farbss       000000
__Hfardata                     fardata      000000
__Hheap                        heap         000000
__Hibigdata                    ibigdata     000000
__Hidata                       idata        000000
__Hidloc                       idloc        200010
__Hifardata                    ifardata     000000
__Hinit                        init         000056
__Hintcode                     intcode      000052
__Hintcode_body                intcode_body 000000
__Hintcodelo                   intcodelo    000052
__Hintentry                    intentry     000000
__Hintret                      intret       000000
__Hintsave_regs                intsave_regs 000000
__Hirdata                      irdata       000000
__Hmediumconst                 mediumconst  000000
__HnvFARRAM                    nvFARRAM     000000
__Hnvbit                       nvbit        000000
__Hnvrram                      nvrram       000000
__Hparam                       rparam       000000
__Hpowerup                     powerup      000052
__Hram                         ram          000000
__Hramtop                      ramtop       000E00
__Hrbit                        rbit         000000
__Hrbss                        rbss         000000
__Hrdata                       rdata        000000
__Hreset_vec                   reset_vec    000004
__Hrparam                      rparam       000000
__Hsfr                         sfr          000000
__Hsmallconst                  smallconst   000E28
__Hspace_0                     (abs)        0021D2
__Hspace_1                     (abs)        0000F3
__Hspace_2                     (abs)        000000
__Hspace_4                     (abs)        60000C
__Hstack                       stack        000000
__Hstruct                      struct       000000
__Htemp                        temp         00005F
__Htext                        text         000000
__Htext0                       text0        000000
__Htext1                       text1        000000
__Htext10                      text10       000000
__Htext11                      text11       000000
__Htext12                      text12       000000
__Htext13                      text13       000000
__Htext14                      text14       000000
__Htext15                      text15       000000
__Htext16                      text16       000000
__Htext17                      text17       000000
__Htext18                      text18       000000
__Htext19                      text19       000000
__Htext2                       text2        000000
__Htext20                      text20       000000
__Htext21                      text21       000000
__Htext22                      text22       000000
__Htext23                      text23       000000
__Htext24                      text24       000000
__Htext25                      text25       000000
__Htext26                      text26       000000
__Htext27                      text27       000000
__Htext3                       text3        000000
__Htext4                       text4        000000
__Htext5                       text5        000000
__Htext6                       text6        000000
__Htext7                       text7        000000
__Htext8                       text8        000000
__Htext9                       text9        000000
__LRAM                         (abs)        000001
__Labs1                        abs1         000000
__Lbank0                       bank0        000000
__Lbank1                       bank1        000000
__Lbank10                      bank10       000000
__Lbank11                      bank11       000000
__Lbank12                      bank12       000000
__Lbank13                      bank13       000000
__Lbank2                       bank2        000000
__Lbank3                       bank3        000000
__Lbank4                       bank4        000000
__Lbank5                       bank5        000000
__Lbank6                       bank6        000000
__Lbank7                       bank7        000000
__Lbank8                       bank8        000000
__Lbank9                       bank9        000000
__Lbigbss                      bigbss       000000
__Lbigdata                     bigdata      000000
__Lbigram                      bigram       000000
__Lbigsfr                      bigsfr       000000
__Lbss                         bss          000000
__LbssBANK0                    bssBANK0     000000
__LbssCOMRAM                   bssCOMRAM    000000
__Lcinit                       cinit        000000
__Lclrtext                     clrtext      000000
__Lcomram                      comram       000000
__Lconfig                      config       000000
__Lconst                       const        000000
__LcstackBANK0                 cstackBANK0  000000
__LcstackCOMRAM                cstackCOMRAM 000000
__Ldata                        data         000000
__Leeprom_data                 eeprom_data  000000
__Lfarbss                      farbss       000000
__Lfardata                     fardata      000000
__Lheap                        heap         000000
__Libigdata                    ibigdata     000000
__Lidata                       idata        000000
__Lidloc                       idloc        000000
__Lifardata                    ifardata     000000
__Linit                        init         000052
__Lintcode                     intcode      000008
__Lintcode_body                intcode_body 000000
__Lintcodelo                   intcodelo    000052
__Lintentry                    intentry     000000
__Lintret                      intret       000000
__Lintsave_regs                intsave_regs 000000
__Lirdata                      irdata       000000
__Lmediumconst                 mediumconst  000000
__LnvFARRAM                    nvFARRAM     000000
__Lnvbit                       nvbit        000000
__Lnvrram                      nvrram       000000
__Lparam                       rparam       000000
__Lpowerup                     powerup      000052
__Lram                         ram          000000
__Lramtop                      ramtop       000E00
__Lrbit                        rbit         000000
__Lrbss                        rbss         000000
__Lrdata                       rdata        000000
__Lreset_vec                   reset_vec    000000
__Lrparam                      rparam       000000
__Lsfr                         sfr          000000
__Lsmallconst                  smallconst   000E00
__Lspace_0                     (abs)        000000
__Lspace_1                     (abs)        000000
__Lspace_2                     (abs)        000000
__Lspace_4                     (abs)        000000
__Lstack                       stack        000000
__Lstruct                      struct       000000
__Ltemp                        temp         00005E
__Ltext                        text         000000
__Ltext0                       text0        000000
__Ltext1                       text1        000000
__Ltext10                      text10       000000
__Ltext11                      text11       000000
__Ltext12                      text12       000000
__Ltext13                      text13       000000
__Ltext14                      text14       000000
__Ltext15                      text15       000000
__Ltext16                      text16       000000
__Ltext17                      text17       000000
__Ltext18                      text18       000000
__Ltext19                      text19       000000
__Ltext2                       text2        000000
__Ltext20                      text20       000000
__Ltext21                      text21       000000
__Ltext22                      text22       000000
__Ltext23                      text23       000000
__Ltext24                      text24       000000
__Ltext25                      text25       000000
__Ltext26                      text26       000000
__Ltext27                      text27       000000
__Ltext3                       text3        000000
__Ltext4                       text4        000000
__Ltext5                       text5        000000
__Ltext6                       text6        000000
__Ltext7                       text7        000000
__Ltext8                       text8        000000
__Ltext9                       text9        000000
__S0                           (abs)        0021D2
__S1                           (abs)        0000F3
__S4                           (abs)        000000
__S5                           (abs)        000000
___aodiv                       text11       001460
___aodiv@counter               cstackCOMRAM 000011
___aodiv@dividend              cstackCOMRAM 000001
___aodiv@divisor               cstackCOMRAM 000009
___aodiv@quotient              cstackCOMRAM 000013
___aodiv@sign                  cstackCOMRAM 000012
___aomod                       text10       0015E8
___aomod@counter               cstackCOMRAM 000011
___aomod@dividend              cstackCOMRAM 000001
___aomod@divisor               cstackCOMRAM 000009
___aomod@sign                  cstackCOMRAM 000012
___awdiv                       text14       001BE4
___awdiv@counter               cstackCOMRAM 000005
___awdiv@dividend              cstackCOMRAM 000001
___awdiv@divisor               cstackCOMRAM 000003
___awdiv@quotient              cstackCOMRAM 000007
___awdiv@sign                  cstackCOMRAM 000006
___heap_hi                     (abs)        000000
___heap_lo                     (abs)        000000
___inthi_sp                    stack        000000
___intlo_sp                    stack        000000
___param_bank                  (abs)        000000
___rparam_used                 (abs)        000001
___sp                          stack        000000
__accesstop                    (abs)        000060
__activetblptr                 (abs)        000001
__end_of_Comp1_init            text26       00214C
__end_of_Comp2_init            text25       002128
__end_of_DAC_init              text27       0021D0
__end_of_HighISR               intcode      000052
__end_of_Interrupts_init       text24       0021A6
__end_of_LCD_E_TOG             text23       0021BC
__end_of_LCD_Init              text20       001E02
__end_of_LCD_sendbyte          text21       00203E
__end_of_LCD_sendnibble        text22       001E9C
__end_of_LCD_sendstring        text19       0020B2
__end_of_LCD_setline           text18       0020DE
__end_of_LEDarray_disp_bin     text17       001D64
__end_of_LEDarray_init         text16       00216E
__end_of_Timer0_init           text15       00218E
__end_of___aodiv               text11       0015E8
__end_of___aomod               text10       00174C
__end_of___awdiv               text14       001CA8
__end_of__initialization       cinit        0020F2
__end_of_abs                   text9        00207E
__end_of_dateIncrement         text12       0011E4
__end_of_dtoa                  text4        001460
__end_of_fputc                 text7        001BE4
__end_of_fputs                 text6        001FFA
__end_of_main                  text0        0018A8
__end_of_pad                   text5        001F16
__end_of_putch                 text8        0021D2
__end_of_sprintf               text1        001F68
__end_of_syncro                text13       001B1A
__end_of_vfpfcnvrt             text3        0019F6
__end_of_vfprintf              text2        001FB6
__initialization               cinit        0020DE
__mediumconst                  mediumconst  000000
__pbssBANK0                    bssBANK0     0000CE
__pbssCOMRAM                   bssCOMRAM    00005A
__pcinit                       cinit        0020DE
__pcstackBANK0                 cstackBANK0  000060
__pcstackCOMRAM                cstackCOMRAM 000001
__pintcode                     intcode      000008
__psmallconst                  smallconst   000E00
__ptext0                       text0        00174C
__ptext1                       text1        001F16
__ptext10                      text10       0015E8
__ptext11                      text11       001460
__ptext12                      text12       000E28
__ptext13                      text13       0019F6
__ptext14                      text14       001BE4
__ptext15                      text15       00216E
__ptext16                      text16       00214C
__ptext17                      text17       001CA8
__ptext18                      text18       0020B2
__ptext19                      text19       00207E
__ptext2                       text2        001F68
__ptext20                      text20       001D64
__ptext21                      text21       001FFA
__ptext22                      text22       001E02
__ptext23                      text23       0021A6
__ptext24                      text24       00218E
__ptext25                      text25       002104
__ptext26                      text26       002128
__ptext27                      text27       0021BC
__ptext3                       text3        0018A8
__ptext4                       text4        0011E4
__ptext5                       text5        001E9C
__ptext6                       text6        001FB6
__ptext7                       text7        001B1A
__ptext8                       text8        0021D0
__ptext9                       text9        00203E
__ramtop                       ramtop       000E00
__smallconst                   smallconst   000E00
_abs                           text9        00203E
_dateIncrement                 text12       000E28
_dateIncrement$882             cstackCOMRAM 00001C
_dbuf                          bssBANK0     0000D3
_dtoa                          text4        0011E4
_dtoa$1861                     cstackCOMRAM 00002E
_flags                         bssCOMRAM    00005A
_fputc                         text7        001B1A
_fputs                         text6        001FB6
_hour                          bssCOMRAM    00005D
_main                          text0        00174C
_midDay                        bssBANK0     0000D2
_pad                           text5        001E9C
_prec                          bssBANK0     0000D0
_putch                         text8        0021D0
_sprintf                       text1        001F16
_sunDown                       bssCOMRAM    00005B
_sunUp                         bssCOMRAM    00005C
_syncro                        text13       0019F6
_vfpfcnvrt                     text3        0018A8
_vfprintf                      text2        001F68
_width                         bssBANK0     0000CE
abs@a                          cstackCOMRAM 000013
btemp                          temp         00005E
dateIncrement@dayOfMonthP      cstackCOMRAM 000014
dateIncrement@dayOfWeekP       cstackCOMRAM 000012
dateIncrement@daylightSavingsP cstackCOMRAM 000010
dateIncrement@monthP           cstackCOMRAM 000016
dateIncrement@yearP            cstackCOMRAM 000018
dtoa@d                         cstackCOMRAM 00001E
dtoa@fp                        cstackCOMRAM 00001C
dtoa@i                         cstackCOMRAM 00003C
dtoa@n                         cstackCOMRAM 000034
dtoa@p                         cstackCOMRAM 000030
dtoa@s                         cstackCOMRAM 00003E
dtoa@w                         cstackCOMRAM 000032
end_of_initialization          cinit        0020F2
fputc@c                        cstackCOMRAM 000001
fputc@fp                       cstackCOMRAM 000003
fputs@c                        cstackCOMRAM 00000E
fputs@fp                       cstackCOMRAM 00000C
fputs@i                        cstackCOMRAM 00000F
fputs@s                        cstackCOMRAM 00000A
int$flags                      temp         00005E
intlevel0                      text         000000
intlevel1                      text         000000
intlevel2                      text         000000
intlevel3                      text         000000
isa$std                        (abs)        000001
isa$xinst                      (abs)        000000
main@buf1                      cstackBANK0  000077
main@buf2                      cstackBANK0  00009F
main@dayOfMonth                cstackBANK0  0000CC
main@dayOfWeek                 cstackBANK0  0000CB
main@daylightSavings           cstackBANK0  0000CA
main@deadTime                  cstackBANK0  0000C7
main@month                     cstackBANK0  0000CD
main@year                      cstackBANK0  0000C8
pad@buf                        cstackCOMRAM 000013
pad@fp                         cstackCOMRAM 000011
pad@i                          cstackCOMRAM 000018
pad@p                          cstackCOMRAM 000015
pad@w                          cstackCOMRAM 00001A
sprintf@ap                     cstackBANK0  00006A
sprintf@f                      cstackBANK0  00006C
sprintf@fmt                    cstackBANK0  000062
sprintf@s                      cstackBANK0  000060
stackhi                        (abs)        000000
stacklo                        (abs)        000000
start                          init         000052
start_initialization           cinit        0020DE
syncro@daylightSavings         cstackCOMRAM 00000E
syncro@trueMid                 cstackCOMRAM 00000F
ttemp5                         temp         00005F
ttemp6                         temp         000062
ttemp7                         temp         000066
vfpfcnvrt@ap                   cstackCOMRAM 000043
vfpfcnvrt@convarg              cstackCOMRAM 000047
vfpfcnvrt@cp                   cstackCOMRAM 00004F
vfpfcnvrt@fmt                  cstackCOMRAM 000041
vfpfcnvrt@fp                   cstackCOMRAM 00003F
vfprintf@ap                    cstackCOMRAM 000055
vfprintf@cfmt                  cstackCOMRAM 000057
vfprintf@fmt                   cstackCOMRAM 000053
vfprintf@fp                    cstackCOMRAM 000051
wtemp8                         temp         00005F


MODULE INFORMATION

Module		Function		Class		Link	Load	Size
../main.c
		_main          		CODE           	174C	0000	348

../main.c estimated size: 348

C:\Program Files\Microchip\xc8\v2.40\pic\sources\c99\common\nf_fputc.c
		_fputc         		CODE           	1B1A	0000	202

C:\Program Files\Microchip\xc8\v2.40\pic\sources\c99\common\nf_fputc.c estimated size: 202

../timers.c
		_Timer0_init   		CODE           	216E	0000	32

../timers.c estimated size: 32

C:\Program Files\Microchip\xc8\v2.40\pic\sources\c99\common\nf_sprintf.c
		_sprintf       		CODE           	1F16	0000	82

C:\Program Files\Microchip\xc8\v2.40\pic\sources\c99\common\nf_sprintf.c estimated size: 82

C:\Program Files\Microchip\xc8\v2.40\pic\sources\c99\common\awdiv.c
		___awdiv       		CODE           	1BE4	0000	196

C:\Program Files\Microchip\xc8\v2.40\pic\sources\c99\common\awdiv.c estimated size: 196

C:\Program Files\Microchip\xc8\v2.40\pic\sources\c99\common\abs.c
		_abs           		CODE           	203E	0000	64

C:\Program Files\Microchip\xc8\v2.40\pic\sources\c99\common\abs.c estimated size: 64

../comparator.c
		_Comp2_init    		CODE           	2104	0000	36
		_DAC_init      		CODE           	21BC	0000	20
		_Comp1_init    		CODE           	2128	0000	36

../comparator.c estimated size: 92

../syncro.c
		_syncro        		CODE           	19F6	0000	292

../syncro.c estimated size: 292

../LCD.c
		_LCD_Init      		CODE           	1D64	0000	158
		_LCD_sendbyte  		CODE           	1FFA	0000	68
		_LCD_E_TOG     		CODE           	21A6	0000	22
		_LCD_setline   		CODE           	20B2	0000	44
		_LCD_sendnibble		CODE           	1E02	0000	154
		_LCD_sendstring		CODE           	207E	0000	52

../LCD.c estimated size: 498

../dateIncrement.c
		_dateIncrement 		CODE           	0E28	0000	956

../dateIncrement.c estimated size: 956

../interrupts.c
		_Interrupts_init		CODE           	218E	0000	24
		_HighISR       		CODE           	0008	0000	74

../interrupts.c estimated size: 98

C:\Program Files\Microchip\xc8\v2.40\pic\sources\c99\common\nf_fputs.c
		_fputs         		CODE           	1FB6	0000	68

C:\Program Files\Microchip\xc8\v2.40\pic\sources\c99\common\nf_fputs.c estimated size: 68

C:\Program Files\Microchip\xc8\v2.40\pic\sources\c99\common\aomod.c
		___aomod       		CODE           	15E8	0000	356

C:\Program Files\Microchip\xc8\v2.40\pic\sources\c99\common\aomod.c estimated size: 356

../LEDarray.c
		_LEDarray_init 		CODE           	214C	0000	34
		_LEDarray_disp_bin		CODE           	1CA8	0000	188

../LEDarray.c estimated size: 222

shared
		__initialization		CODE           	20DE	0000	20

shared estimated size: 20

C:\Program Files\Microchip\xc8\v2.40\pic\sources\c99\common\putch.c
		_putch         		CODE           	21D0	0000	2

C:\Program Files\Microchip\xc8\v2.40\pic\sources\c99\common\putch.c estimated size: 2

C:\Program Files\Microchip\xc8\v2.40\pic\sources\c99\common\doprnt.c
		_vfpfcnvrt     		CODE           	18A8	0000	334
		_pad           		CODE           	1E9C	0000	122
		_dtoa          		CODE           	11E4	0000	636
		_vfprintf      		CODE           	1F68	0000	78

C:\Program Files\Microchip\xc8\v2.40\pic\sources\c99\common\doprnt.c estimated size: 1170

C:\Program Files\Microchip\xc8\v2.40\pic\sources\c99\common\aodiv.c
		___aodiv       		CODE           	1460	0000	392

C:\Program Files\Microchip\xc8\v2.40\pic\sources\c99\common\aodiv.c estimated size: 392

